[?25l[48;2;70;167;88m     [0m[48;2;70;167;88m      [0m[48;2;110;110;110m   [0m[48;2;110;110;110m    [0m[48;2;70;167;88m     [0m[48;2;70;167;88m     [0m
[48;2;70;167;88m     [0m[48;2;70;167;88m      [0m[48;2;110;110;110m   [0m[48;2;110;110;110m    [0m[48;2;70;167;88m     [0m[48;2;70;167;88m     [0m
[48;2;70;167;88m     [0m[48;2;70;167;88m      [0m[48;2;110;110;110m   [0m[48;2;110;110;110m    [0m[48;2;70;167;88m     [0m[48;2;70;167;88m     [0m
[48;2;70;167;88m     [0m[48;2;70;167;88m      [0m[48;2;110;110;110m   [0m[48;2;110;110;110m    [0m[48;2;70;167;88m     [0m[48;2;70;167;88m     [0m
[48;2;70;167;88m     [0m[48;2;70;167;88m      [0m[48;2;110;110;110m   [0m[48;2;110;110;110m    [0m[48;2;70;167;88m     [0m[48;2;70;167;88m     [0m
[48;2;70;167;88m   [0m[48;2;70;167;88mFlexi[0m[48;2;70;167;88m   [0m[48;2;110;110;110m [0m[48;2;110;110;110mFixed[0m[48;2;110;110;110m [0m[48;2;70;167;88m  [0m[48;2;70;167;88mFlexi[0m[48;2;70;167;88m   [0m
[48;2;70;167;88m     [0m[48;2;70;167;88m      [0m[48;2;110;110;110m   [0m[48;2;110;110;110m    [0m[48;2;70;167;88m     [0m[48;2;70;167;88m     [0m
[48;2;70;167;88m     [0m[48;2;70;167;88m      [0m[48;2;110;110;110m   [0m[48;2;110;110;110m    [0m[48;2;70;167;88m     [0m[48;2;70;167;88m     [0m
[48;2;70;167;88m     [0m[48;2;70;167;88m      [0m[48;2;110;110;110m   [0m[48;2;110;110;110m    [0m[48;2;70;167;88m     [0m[48;2;70;167;88m     [0m
[48;2;70;167;88m     [0m[48;2;70;167;88m      [0m[48;2;110;110;110m   [0m[48;2;110;110;110m    [0m[48;2;70;167;88m     [0m[48;2;70;167;88m     [0m
[48;2;70;167;88m     [0m[48;2;70;167;88m      [0m[48;2;110;110;110m   [0m[48;2;110;110;110m    [0m[48;2;70;167;88m     [0m[48;2;70;167;88m     [0m
[48;2;70;167;88m     [0m[48;2;70;167;88m      [0m[48;2;110;110;110m   [0m[48;2;110;110;110m    [0m[48;2;70;167;88m     [0m[48;2;70;167;88m     [0m[28D