[2K[1A[2K[1A[2K[1A[2K[1A[2K[1A[2K[1A[2K[1A[2K[1A[2K[1A[2K[1A[2K[1A[64D[2K[48;2;70;167;88m                                [0m[48;2;70;167;88m                                [0m
[48;2;70;167;88m                                [0m[48;2;70;167;88m                                [0m
[48;2;70;167;88m                             [0m[48;2;70;167;88mFlexi[0m[48;2;70;167;88m                              [0m
[48;2;70;167;88m                                [0m[48;2;70;167;88m                                [0m
[48;2;70;167;88m                                [0m[48;2;70;167;88m                                [0m
[48;2;110;110;110m                                [0m[48;2;110;110;110m                                [0m
[48;2;110;110;110m                                [0m[48;2;110;110;110m                                [0m
[48;2;110;110;110m                             [0m[48;2;110;110;110mFlexi[0m[48;2;110;110;110m                              [0m
[48;2;110;110;110m                                [0m[48;2;110;110;110m                                [0m
[48;2;110;110;110m                                [0m[48;2;110;110;110m                                [0m
[48;2;70;167;88m                                [0m[48;2;70;167;88m                                [0m
[48;2;70;167;88m                                [0m[48;2;70;167;88m                                [0m
[48;2;70;167;88m                             [0m[48;2;70;167;88mFlexi[0m[48;2;70;167;88m                              [0m
[48;2;70;167;88m                                [0m[48;2;70;167;88m                                [0m
[48;2;70;167;88m                                [0m[48;2;70;167;88m                                [0m
[48;2;110;110;110m                                [0m[48;2;110;110;110m                                [0m
[48;2;110;110;110m                                [0m[48;2;110;110;110m                                [0m
[48;2;110;110;110m                             [0m[48;2;110;110;110mFlexi[0m[48;2;110;110;110m                              [0m
[48;2;110;110;110m                                [0m[48;2;110;110;110m                                [0m
[48;2;110;110;110m                                [0m[48;2;110;110;110m                                [0m[64D[2K[?25h[?1002l[?1003l